com/codeforall/online/javabank/factories/AccountFactory$1.class
com/codeforall/online/javabank/command/BaseCustomerDto.class
com/codeforall/online/javabank/converters/RecipientDtoToRecipient.class
com/codeforall/online/javabank/model/Recipient.class
com/codeforall/online/javabank/model/transaction/TransactionType.class
com/codeforall/online/javabank/persistence/daos/jpa/JpaPurchaseGenericDao.class
com/codeforall/online/javabank/converters/AddressDtoToAddress.class
com/codeforall/online/javabank/model/transaction/Purchase.class
com/codeforall/online/javabank/services/RecipientService.class
com/codeforall/online/javabank/factories/AccountFactory.class
com/codeforall/online/javabank/persistence/daos/CustomerDao.class
com/codeforall/online/javabank/services/TransactionService.class
com/codeforall/online/javabank/model/Address.class
com/codeforall/online/javabank/converters/AccountToAccountDto.class
com/codeforall/online/javabank/controllers/rest/RestAccountController.class
com/codeforall/online/javabank/services/AccountServiceImpl.class
com/codeforall/online/javabank/model/account/AccountType.class
com/codeforall/online/javabank/services/RecipientServiceImpl.class
com/codeforall/online/javabank/converters/AbstractConverter.class
com/codeforall/online/javabank/command/ProfileCustomerDto.class
com/codeforall/online/javabank/persistence/daos/EstablishmentDao.class
com/codeforall/online/javabank/converters/RecipientToRecipientDto.class
com/codeforall/online/javabank/controllers/rest/RestIndexController.class
com/codeforall/online/javabank/controllers/web/CustomerController.class
com/codeforall/online/javabank/exceptions/AssociationExistsException.class
com/codeforall/online/javabank/persistence/daos/jpa/JpaGenericDao.class
com/codeforall/online/javabank/exceptions/CustomerNotFoundException.class
com/codeforall/online/javabank/command/AccountDto.class
com/codeforall/online/javabank/exceptions/AccountNotFoundException.class
com/codeforall/online/javabank/converters/CustomerToCustomerDto.class
com/codeforall/online/javabank/controllers/rest/RestRecipientController.class
com/codeforall/online/javabank/command/TransactionDto.class
com/codeforall/online/javabank/command/AddressDto.class
com/codeforall/online/javabank/persistence/daos/jpa/JpaEstablishmentGenericDao.class
com/codeforall/online/javabank/persistence/daos/jpa/JpaRecipientGenericDao.class
com/codeforall/online/javabank/converters/CustomerToListCustomerDto.class
com/codeforall/online/javabank/model/account/CheckingAccount.class
com/codeforall/online/javabank/converters/CustomerDtoToCustomer.class
com/codeforall/online/javabank/persistence/daos/jpa/JpaTransactionGenericDao.class
com/codeforall/online/javabank/exceptions/JavaBankException.class
com/codeforall/online/javabank/controllers/rest/RestCustomerController.class
com/codeforall/online/javabank/persistence/daos/jpa/JpaAccountGenericDao.class
com/codeforall/online/javabank/command/ListCustomerDto.class
com/codeforall/online/javabank/persistence/daos/TransactionDao.class
com/codeforall/online/javabank/model/transaction/Transaction.class
com/codeforall/online/javabank/persistence/daos/AccountDao.class
com/codeforall/online/javabank/model/Establishment.class
com/codeforall/online/javabank/services/AccountService.class
com/codeforall/online/javabank/controllers/web/AccountController.class
com/codeforall/online/javabank/model/account/Account.class
com/codeforall/online/javabank/command/CustomerDto.class
com/codeforall/online/javabank/command/RecipientDto.class
com/codeforall/online/javabank/persistence/managers/SessionManager.class
com/codeforall/online/javabank/model/Model.class
com/codeforall/online/javabank/command/TransferDto.class
com/codeforall/online/javabank/converters/AccountDtoToAccount.class
com/codeforall/online/javabank/controllers/rest/RestTransactionController.class
com/codeforall/online/javabank/converters/CustomerToProfileCustomerDto.class
com/codeforall/online/javabank/persistence/daos/Dao.class
com/codeforall/online/javabank/model/Customer.class
com/codeforall/online/javabank/exceptions/RecipientNotFoundException.class
com/codeforall/online/javabank/exceptions/TransactionInvalidException.class
com/codeforall/online/javabank/model/AbstractModel.class
com/codeforall/online/javabank/persistence/daos/PurchaseDao.class
com/codeforall/online/javabank/persistence/managers/jpa/JpaSessionManager.class
com/codeforall/online/javabank/services/TransactionServiceImpl.class
com/codeforall/online/javabank/services/CustomerServiceImpl.class
com/codeforall/online/javabank/converters/AddressToAddressDto.class
com/codeforall/online/javabank/errors/ErrorMessage.class
com/codeforall/online/javabank/persistence/managers/jpa/JpaTransactionManager.class
com/codeforall/online/javabank/converters/CustomerMapper.class
com/codeforall/online/javabank/persistence/daos/jpa/JpaCustomerGenericDao.class
com/codeforall/online/javabank/controllers/rest/RestIndexController$ApiVersion.class
com/codeforall/online/javabank/controllers/web/MainController.class
com/codeforall/online/javabank/persistence/managers/TransactionManager.class
com/codeforall/online/javabank/persistence/daos/RecipientDao.class
com/codeforall/online/javabank/model/account/SavingsAccount.class
com/codeforall/online/javabank/services/CustomerService.class
