/home/francisco/Documents/CodeforAll_/class03/class03/week-21/implementation/step07-webservices/src/main/java/com/codeforall/online/javabank/model/transaction/Transaction.java
/home/francisco/Documents/CodeforAll_/class03/class03/week-21/implementation/step07-webservices/src/main/java/com/codeforall/online/javabank/persistence/daos/jpa/JpaRecipientGenericDao.java
/home/francisco/Documents/CodeforAll_/class03/class03/week-21/implementation/step07-webservices/src/main/java/com/codeforall/online/javabank/services/AccountServiceImpl.java
/home/francisco/Documents/CodeforAll_/class03/class03/week-21/implementation/step07-webservices/src/main/java/com/codeforall/online/javabank/command/TransactionDto.java
/home/francisco/Documents/CodeforAll_/class03/class03/week-21/implementation/step07-webservices/src/main/java/com/codeforall/online/javabank/services/CustomerServiceImpl.java
/home/francisco/Documents/CodeforAll_/class03/class03/week-21/implementation/step07-webservices/src/main/java/com/codeforall/online/javabank/services/AccountService.java
/home/francisco/Documents/CodeforAll_/class03/class03/week-21/implementation/step07-webservices/src/main/java/com/codeforall/online/javabank/persistence/daos/jpa/JpaEstablishmentGenericDao.java
/home/francisco/Documents/CodeforAll_/class03/class03/week-21/implementation/step07-webservices/src/main/java/com/codeforall/online/javabank/model/transaction/TransactionType.java
/home/francisco/Documents/CodeforAll_/class03/class03/week-21/implementation/step07-webservices/src/main/java/com/codeforall/online/javabank/model/AbstractModel.java
/home/francisco/Documents/CodeforAll_/class03/class03/week-21/implementation/step07-webservices/src/main/java/com/codeforall/online/javabank/exceptions/AssociationExistsException.java
/home/francisco/Documents/CodeforAll_/class03/class03/week-21/implementation/step07-webservices/src/main/java/com/codeforall/online/javabank/persistence/daos/EstablishmentDao.java
/home/francisco/Documents/CodeforAll_/class03/class03/week-21/implementation/step07-webservices/src/main/java/com/codeforall/online/javabank/command/AccountDto.java
/home/francisco/Documents/CodeforAll_/class03/class03/week-21/implementation/step07-webservices/src/main/java/com/codeforall/online/javabank/persistence/daos/jpa/JpaPurchaseGenericDao.java
/home/francisco/Documents/CodeforAll_/class03/class03/week-21/implementation/step07-webservices/src/main/java/com/codeforall/online/javabank/exceptions/CustomerNotFoundException.java
/home/francisco/Documents/CodeforAll_/class03/class03/week-21/implementation/step07-webservices/src/main/java/com/codeforall/online/javabank/converters/CustomerToListCustomerDto.java
/home/francisco/Documents/CodeforAll_/class03/class03/week-21/implementation/step07-webservices/src/main/java/com/codeforall/online/javabank/persistence/daos/jpa/JpaTransactionGenericDao.java
/home/francisco/Documents/CodeforAll_/class03/class03/week-21/implementation/step07-webservices/src/main/java/com/codeforall/online/javabank/model/account/CheckingAccount.java
/home/francisco/Documents/CodeforAll_/class03/class03/week-21/implementation/step07-webservices/src/main/java/com/codeforall/online/javabank/converters/RecipientDtoToRecipient.java
/home/francisco/Documents/CodeforAll_/class03/class03/week-21/implementation/step07-webservices/src/main/java/com/codeforall/online/javabank/persistence/daos/AccountDao.java
/home/francisco/Documents/CodeforAll_/class03/class03/week-21/implementation/step07-webservices/src/main/java/com/codeforall/online/javabank/exceptions/JavaBankException.java
/home/francisco/Documents/CodeforAll_/class03/class03/week-21/implementation/step07-webservices/src/main/java/com/codeforall/online/javabank/model/Establishment.java
/home/francisco/Documents/CodeforAll_/class03/class03/week-21/implementation/step07-webservices/src/main/java/com/codeforall/online/javabank/converters/AccountDtoToAccount.java
/home/francisco/Documents/CodeforAll_/class03/class03/week-21/implementation/step07-webservices/src/main/java/com/codeforall/online/javabank/converters/CustomerMapper.java
/home/francisco/Documents/CodeforAll_/class03/class03/week-21/implementation/step07-webservices/src/main/java/com/codeforall/online/javabank/controllers/web/CustomerController.java
/home/francisco/Documents/CodeforAll_/class03/class03/week-21/implementation/step07-webservices/src/main/java/com/codeforall/online/javabank/persistence/daos/jpa/JpaAccountGenericDao.java
/home/francisco/Documents/CodeforAll_/class03/class03/week-21/implementation/step07-webservices/src/main/java/com/codeforall/online/javabank/services/TransactionService.java
/home/francisco/Documents/CodeforAll_/class03/class03/week-21/implementation/step07-webservices/src/main/java/com/codeforall/online/javabank/persistence/managers/SessionManager.java
/home/francisco/Documents/CodeforAll_/class03/class03/week-21/implementation/step07-webservices/src/main/java/com/codeforall/online/javabank/persistence/daos/jpa/JpaCustomerGenericDao.java
/home/francisco/Documents/CodeforAll_/class03/class03/week-21/implementation/step07-webservices/src/main/java/com/codeforall/online/javabank/converters/AccountToAccountDto.java
/home/francisco/Documents/CodeforAll_/class03/class03/week-21/implementation/step07-webservices/src/main/java/com/codeforall/online/javabank/model/transaction/Purchase.java
/home/francisco/Documents/CodeforAll_/class03/class03/week-21/implementation/step07-webservices/src/main/java/com/codeforall/online/javabank/services/RecipientServiceImpl.java
/home/francisco/Documents/CodeforAll_/class03/class03/week-21/implementation/step07-webservices/src/main/java/com/codeforall/online/javabank/persistence/daos/Dao.java
/home/francisco/Documents/CodeforAll_/class03/class03/week-21/implementation/step07-webservices/src/main/java/com/codeforall/online/javabank/command/AddressDto.java
/home/francisco/Documents/CodeforAll_/class03/class03/week-21/implementation/step07-webservices/src/main/java/com/codeforall/online/javabank/converters/RecipientToRecipientDto.java
/home/francisco/Documents/CodeforAll_/class03/class03/week-21/implementation/step07-webservices/src/main/java/com/codeforall/online/javabank/command/TransferDto.java
/home/francisco/Documents/CodeforAll_/class03/class03/week-21/implementation/step07-webservices/src/main/java/com/codeforall/online/javabank/controllers/rest/RestRecipientController.java
/home/francisco/Documents/CodeforAll_/class03/class03/week-21/implementation/step07-webservices/src/main/java/com/codeforall/online/javabank/command/CustomerDto.java
/home/francisco/Documents/CodeforAll_/class03/class03/week-21/implementation/step07-webservices/src/main/java/com/codeforall/online/javabank/converters/CustomerToCustomerDto.java
/home/francisco/Documents/CodeforAll_/class03/class03/week-21/implementation/step07-webservices/src/main/java/com/codeforall/online/javabank/model/Customer.java
/home/francisco/Documents/CodeforAll_/class03/class03/week-21/implementation/step07-webservices/src/main/java/com/codeforall/online/javabank/controllers/rest/RestCustomerController.java
/home/francisco/Documents/CodeforAll_/class03/class03/week-21/implementation/step07-webservices/src/main/java/com/codeforall/online/javabank/persistence/daos/RecipientDao.java
/home/francisco/Documents/CodeforAll_/class03/class03/week-21/implementation/step07-webservices/src/main/java/com/codeforall/online/javabank/model/Model.java
/home/francisco/Documents/CodeforAll_/class03/class03/week-21/implementation/step07-webservices/src/main/java/com/codeforall/online/javabank/controllers/rest/RestTransactionController.java
/home/francisco/Documents/CodeforAll_/class03/class03/week-21/implementation/step07-webservices/src/main/java/com/codeforall/online/javabank/command/RecipientDto.java
/home/francisco/Documents/CodeforAll_/class03/class03/week-21/implementation/step07-webservices/src/main/java/com/codeforall/online/javabank/model/Address.java
/home/francisco/Documents/CodeforAll_/class03/class03/week-21/implementation/step07-webservices/src/main/java/com/codeforall/online/javabank/model/account/Account.java
/home/francisco/Documents/CodeforAll_/class03/class03/week-21/implementation/step07-webservices/src/main/java/com/codeforall/online/javabank/model/Recipient.java
/home/francisco/Documents/CodeforAll_/class03/class03/week-21/implementation/step07-webservices/src/main/java/com/codeforall/online/javabank/model/account/SavingsAccount.java
/home/francisco/Documents/CodeforAll_/class03/class03/week-21/implementation/step07-webservices/src/main/java/com/codeforall/online/javabank/factories/AccountFactory.java
/home/francisco/Documents/CodeforAll_/class03/class03/week-21/implementation/step07-webservices/src/main/java/com/codeforall/online/javabank/exceptions/RecipientNotFoundException.java
/home/francisco/Documents/CodeforAll_/class03/class03/week-21/implementation/step07-webservices/src/main/java/com/codeforall/online/javabank/exceptions/TransactionInvalidException.java
/home/francisco/Documents/CodeforAll_/class03/class03/week-21/implementation/step07-webservices/src/main/java/com/codeforall/online/javabank/model/account/AccountType.java
/home/francisco/Documents/CodeforAll_/class03/class03/week-21/implementation/step07-webservices/src/main/java/com/codeforall/online/javabank/persistence/daos/jpa/JpaGenericDao.java
/home/francisco/Documents/CodeforAll_/class03/class03/week-21/implementation/step07-webservices/src/main/java/com/codeforall/online/javabank/persistence/managers/jpa/JpaTransactionManager.java
/home/francisco/Documents/CodeforAll_/class03/class03/week-21/implementation/step07-webservices/src/main/java/com/codeforall/online/javabank/converters/AddressDtoToAddress.java
/home/francisco/Documents/CodeforAll_/class03/class03/week-21/implementation/step07-webservices/src/main/java/com/codeforall/online/javabank/persistence/daos/PurchaseDao.java
/home/francisco/Documents/CodeforAll_/class03/class03/week-21/implementation/step07-webservices/src/main/java/com/codeforall/online/javabank/converters/AddressToAddressDto.java
/home/francisco/Documents/CodeforAll_/class03/class03/week-21/implementation/step07-webservices/src/main/java/com/codeforall/online/javabank/persistence/managers/TransactionManager.java
/home/francisco/Documents/CodeforAll_/class03/class03/week-21/implementation/step07-webservices/src/main/java/com/codeforall/online/javabank/converters/CustomerDtoToCustomer.java
/home/francisco/Documents/CodeforAll_/class03/class03/week-21/implementation/step07-webservices/src/main/java/com/codeforall/online/javabank/persistence/daos/CustomerDao.java
/home/francisco/Documents/CodeforAll_/class03/class03/week-21/implementation/step07-webservices/src/main/java/com/codeforall/online/javabank/controllers/web/AccountController.java
/home/francisco/Documents/CodeforAll_/class03/class03/week-21/implementation/step07-webservices/src/main/java/com/codeforall/online/javabank/controllers/web/MainController.java
/home/francisco/Documents/CodeforAll_/class03/class03/week-21/implementation/step07-webservices/src/main/java/com/codeforall/online/javabank/converters/AbstractConverter.java
/home/francisco/Documents/CodeforAll_/class03/class03/week-21/implementation/step07-webservices/src/main/java/com/codeforall/online/javabank/command/ListCustomerDto.java
/home/francisco/Documents/CodeforAll_/class03/class03/week-21/implementation/step07-webservices/src/main/java/com/codeforall/online/javabank/services/TransactionServiceImpl.java
/home/francisco/Documents/CodeforAll_/class03/class03/week-21/implementation/step07-webservices/src/main/java/com/codeforall/online/javabank/converters/CustomerToProfileCustomerDto.java
/home/francisco/Documents/CodeforAll_/class03/class03/week-21/implementation/step07-webservices/src/main/java/com/codeforall/online/javabank/command/BaseCustomerDto.java
/home/francisco/Documents/CodeforAll_/class03/class03/week-21/implementation/step07-webservices/src/main/java/com/codeforall/online/javabank/command/ProfileCustomerDto.java
/home/francisco/Documents/CodeforAll_/class03/class03/week-21/implementation/step07-webservices/src/main/java/com/codeforall/online/javabank/persistence/managers/jpa/JpaSessionManager.java
/home/francisco/Documents/CodeforAll_/class03/class03/week-21/implementation/step07-webservices/src/main/java/com/codeforall/online/javabank/persistence/daos/TransactionDao.java
/home/francisco/Documents/CodeforAll_/class03/class03/week-21/implementation/step07-webservices/src/main/java/com/codeforall/online/javabank/exceptions/AccountNotFoundException.java
/home/francisco/Documents/CodeforAll_/class03/class03/week-21/implementation/step07-webservices/src/main/java/com/codeforall/online/javabank/services/CustomerService.java
/home/francisco/Documents/CodeforAll_/class03/class03/week-21/implementation/step07-webservices/src/main/java/com/codeforall/online/javabank/controllers/rest/RestAccountController.java
/home/francisco/Documents/CodeforAll_/class03/class03/week-21/implementation/step07-webservices/src/main/java/com/codeforall/online/javabank/errors/ErrorMessage.java
/home/francisco/Documents/CodeforAll_/class03/class03/week-21/implementation/step07-webservices/src/main/java/com/codeforall/online/javabank/controllers/rest/RestIndexController.java
/home/francisco/Documents/CodeforAll_/class03/class03/week-21/implementation/step07-webservices/src/main/java/com/codeforall/online/javabank/services/RecipientService.java
